/mnt/c/Users/DevJailson/Develop/ProjectES/src/bookstore/src/main/java/com/bookstore/DemoApplication.java
/mnt/c/Users/DevJailson/Develop/ProjectES/src/bookstore/src/main/java/com/bookstore/models/Book.java
/mnt/c/Users/DevJailson/Develop/ProjectES/src/bookstore/src/main/java/com/bookstore/repository/UserRepository.java
/mnt/c/Users/DevJailson/Develop/ProjectES/src/bookstore/src/main/java/com/bookstore/controllers/EmployeeResources.java
/mnt/c/Users/DevJailson/Develop/ProjectES/src/bookstore/src/main/java/com/bookstore/controllers/UserResources.java
/mnt/c/Users/DevJailson/Develop/ProjectES/src/bookstore/src/main/java/com/bookstore/controllers/AuthorResources.java
/mnt/c/Users/DevJailson/Develop/ProjectES/src/bookstore/src/main/java/com/bookstore/repository/EmployeeRepository.java
/mnt/c/Users/DevJailson/Develop/ProjectES/src/bookstore/src/main/java/com/bookstore/models/Person.java
/mnt/c/Users/DevJailson/Develop/ProjectES/src/bookstore/src/main/java/com/bookstore/controllers/PublisherResources.java
/mnt/c/Users/DevJailson/Develop/ProjectES/src/bookstore/src/main/java/com/bookstore/repository/BookRepository.java
/mnt/c/Users/DevJailson/Develop/ProjectES/src/bookstore/src/main/java/com/bookstore/controllers/BookResources.java
/mnt/c/Users/DevJailson/Develop/ProjectES/src/bookstore/src/main/java/com/bookstore/models/User.java
/mnt/c/Users/DevJailson/Develop/ProjectES/src/bookstore/src/main/java/com/bookstore/models/Employee.java
/mnt/c/Users/DevJailson/Develop/ProjectES/src/bookstore/src/main/java/com/bookstore/repository/AuthorRepository.java
/mnt/c/Users/DevJailson/Develop/ProjectES/src/bookstore/src/main/java/com/bookstore/repository/PublisherRepository.java
/mnt/c/Users/DevJailson/Develop/ProjectES/src/bookstore/src/main/java/com/bookstore/models/Author.java
/mnt/c/Users/DevJailson/Develop/ProjectES/src/bookstore/src/main/java/com/bookstore/models/BookPublisher.java
